// Jest Snapshot v1, https://goo.gl/fbAQLP

exports[`renders correctly 1`] = `
<Fragment>
  <Space
    size="middle"
  >
    <Spin
      indicator={
        <ForwardRef(LoadingOutlined)
          spin={true}
          style={
            Object {
              "fontSize": 24,
            }
          }
        />
      }
      size="large"
      spinning={true}
      wrapperClassName=""
    />
  </Space>
</Fragment>
`;
