// Jest Snapshot v1, https://goo.gl/fbAQLP

exports[`renders correctly 1`] = `
<Fragment>
  <Result
    extra={
      <Button
        type="primary"
      >
        Back Home
      </Button>
    }
    status="404"
    subTitle="Sorry, the page you visited does not exist."
    title="404"
  />
</Fragment>
`;
