// Jest Snapshot v1, https://goo.gl/fbAQLP

exports[`renders correctly 1`] = `
<BrowserRouter>
  <Layout>
    <Content>
      <Menu
        className="test"
        mode="horizontal"
        onClick={[Function]}
        selectedKeys={
          Array [
            "home",
          ]
        }
      >
        <MenuItem
          icon={<GrMenu />}
          key="home"
        >
          <Link
            to="/"
          >
            Home
          </Link>
        </MenuItem>
        <MenuItem
          icon={<FaRegListAlt />}
          key="trips"
        >
          <Link
            to="/trips"
          >
            Trips
          </Link>
        </MenuItem>
        <MenuItem
          icon={<MdAirlineSeatReclineExtra />}
          key="airports"
        >
          <Link
            to="/airports"
          >
            Airports
          </Link>
        </MenuItem>
        <MenuItem
          icon={<GiCommercialAirplane />}
          key="aircraft"
        >
          <Link
            to="/aircraft"
          >
            Aircraft
          </Link>
        </MenuItem>
        <MenuItem
          icon={<AiOutlineInfoCircle />}
          key="about"
        >
          <Link
            to="/about"
          >
            About
          </Link>
        </MenuItem>
        <SubMenu
          icon={<ForwardRef(UserOutlined) />}
          key="sub1"
          title="Profile"
        >
          <MenuItem
            icon={<FaSignInAlt />}
            key="login"
          >
            <Link
              to="/login"
            >
              Login
            </Link>
          </MenuItem>
        </SubMenu>
      </Menu>
      <Switch>
        <Route
          path="/about"
        >
          <Suspense
            fallback={
              <div
                className="content"
              >
                <Space
                  className="space_main"
                >
                  <Loader />
                </Space>
              </div>
            }
          >
            <lazy />
          </Suspense>
        </Route>
        <Route
          path="/trips"
        >
          <Suspense
            fallback={
              <div
                className="content"
              >
                <Space
                  className="space_main"
                >
                  <Loader />
                </Space>
              </div>
            }
          >
            <lazy />
          </Suspense>
        </Route>
        <Route
          path="/airports"
        >
          <Suspense
            fallback={
              <div
                className="content"
              >
                <Space
                  className="space_main"
                >
                  <Loader />
                </Space>
              </div>
            }
          >
            <lazy />
          </Suspense>
        </Route>
        <Route
          path="/aircraft"
        >
          <Suspense
            fallback={
              <div
                className="content"
              >
                <Space
                  className="space_main"
                >
                  <Loader />
                </Space>
              </div>
            }
          >
            <lazy />
          </Suspense>
        </Route>
        <Route
          path="/login"
        >
          <Login
            loginCallback={[Function]}
            loginUrl="http://localhost:8087/api/v1/login"
          />
        </Route>
        <Route
          path="/account"
        >
          <Login />
        </Route>
        <Route
          path="/403"
        >
          <Page403 />
        </Route>
        <Route
          path="/404"
        >
          <Page404 />
        </Route>
        <Route
          path="/500"
        >
          <Page500 />
        </Route>
        <Route
          path="/settings"
        >
          <Suspense
            fallback={
              <div
                className="content"
              >
                <Space
                  className="space_main"
                >
                  <Loader />
                </Space>
              </div>
            }
          >
            <lazy
              name="John Smith"
            />
          </Suspense>
        </Route>
        <Route
          path="/"
        >
          <Suspense
            fallback={
              <div
                className="content"
              >
                <Space
                  className="space_main"
                >
                  <Loader />
                </Space>
              </div>
            }
          >
            <lazy />
          </Suspense>
        </Route>
      </Switch>
    </Content>
  </Layout>
</BrowserRouter>
`;
